[njrusmc.net/index.html]
[backblue.gif]
[fade.gif]
[index.html]
[njrusmc.net/blog/atom.xml]
[njrusmc.net/about/about.html]
[njrusmc.net/blog/blog.html]
[njrusmc.net/code/code.html]
[njrusmc.net/video/video.html]
[njrusmc.net/cache/cache.html]
[njrusmc.net/jobaid/jobaid.html]
[njrusmc.net/podcast/podcast.html]
[njrusmc.net/pub/pub.html]
[njrusmc.net/course/course.html]
[njrusmc.net/links/links.html]
[njrusmc.net/ci_scripts/webcicd.html]
[njrusmc.net/index.html]
[njrusmc.net/about/nrusso_pic.jpg]
[njrusmc.net/about/clus_rg_pic.jpg]
[njrusmc.net/about/puppy_pic.jpg]
[njrusmc.net/about/promotion_pic.jpg]
[njrusmc.net/about/nrusso_dd214.jpg]
[njrusmc.net/about/rit_transcript.pdf]
[njrusmc.net/about/ccie_ei_cert.jpg]
[njrusmc.net/about/nrusso_resume.pdf]
[njrusmc.net/about/ccie_sp_cert.jpg]
[njrusmc.net/about/ccde_cert.jpg]
[njrusmc.net/about/ccnp_sec_cert.jpg]
[njrusmc.net/about/ccdevp_cert.jpg]
[njrusmc.net/about/devops_cert.jpg]
[njrusmc.net/about/enauto_cert.jpg]
[njrusmc.net/about/spauto_cert.jpg]
[njrusmc.net/about/sauto_cert.jpg]
[njrusmc.net/about/dcauto_cert.jpg]
[njrusmc.net/about/aws_saa_cert.jpg]
[njrusmc.net/about/itilf_cert.jpg]
[njrusmc.net/about/secplus_cert.jpg]
[njrusmc.net/about/linuxplus_cert.jpg]
[njrusmc.net/about/ipv6_gold_eng_cert.jpg]
[njrusmc.net/about/ipv6_gold_sec_cert.jpg]
[njrusmc.net/about/camtasia_voyager_cert.jpg]
[njrusmc.net/about/ccnp_ent_cert.jpg]
[njrusmc.net/about/ccna_rs_cert.jpg]
[njrusmc.net/about/ccdeva_cert.jpg]
[njrusmc.net/about/enarsi_cert.jpg]
[njrusmc.net/about/encor_cert.jpg]
[njrusmc.net/about/spcor_cert.jpg]
[njrusmc.net/about/scor_cert.jpg]
[njrusmc.net/about/devcor_cert.jpg]
[njrusmc.net/about/camtasia_explorer_cert.jpg]
[njrusmc.net/about/ccdp_cert.jpg]
[njrusmc.net/about/ccda_cert.jpg]
[njrusmc.net/about/ccnaw_cert.jpg]
[njrusmc.net/about/ccnav_cert.jpg]
[njrusmc.net/about/ccie_verify.png]
[njrusmc.net/about/ccde_verify.png]
[njrusmc.net/index-2.html]
[njrusmc.net/about/about.html]
[njrusmc.net/blog/2024/discord.html]
[njrusmc.net/blog/2023/cert_updates.html]
[njrusmc.net/blog/2023/yt_copyright.html]
[njrusmc.net/blog/2021/microd.html]
[njrusmc.net/blog/2019/12/01-hypothesis.html]
[njrusmc.net/blog/2019/11/30-young-money.html]
[njrusmc.net/blog/2019/11/23-underestimation.html]
[njrusmc.net/blog/2019/11/16-competition.html]
[njrusmc.net/blog/2019/11/09-power-supply.html]
[njrusmc.net/blog/2019/11/02-watch-officer.html]
[njrusmc.net/blog/2019/10/26-sales-psych.html]
[njrusmc.net/blog/2019/10/23-adv-tactics.html]
[njrusmc.net/blog/2019/10/19-innovation.html]
[njrusmc.net/blog/2019/10/12-modern-retail.html]
[njrusmc.net/blog/2019/10/05-product-cost.html]
[njrusmc.net/blog/2019/09/28-knowledge.html]
[njrusmc.net/blog/2019/09/21-troll-contrarian.html]
[njrusmc.net/blog/2019/09/14-why.html]
[njrusmc.net/blog/2019/09/07-meeting-capital.html]
[njrusmc.net/blog/2019/08/31-rejection.html]
[njrusmc.net/blog/2019/08/23-no-questions.html]
[njrusmc.net/blog/2019/08/17-one-year.html]
[njrusmc.net/blog/2019/08/10-ansoff-matrix.html]
[njrusmc.net/blog/2019/08/03-hidden-costs.html]
[njrusmc.net/blog/2019/07/27-forecasts.html]
[njrusmc.net/blog/2019/07/20-american-colleges.html]
[njrusmc.net/blog/2019/07/13-good-debt.html]
[njrusmc.net/blog/2019/07/06-idea-commodity.html]
[njrusmc.net/blog/2019/06/29-loser-dna.html]
[njrusmc.net/blog/2019/06/22-conferences.html]
[njrusmc.net/blog/2019/06/15-monopolies-are-bad.html]
[njrusmc.net/blog/2019/06/08-how-not-write-book.html]
[njrusmc.net/blog/2019/06/01-procrastination.html]
[njrusmc.net/blog/2019/05/29-sales-ethics.html]
[njrusmc.net/blog/2019/05/25-perception.html]
[njrusmc.net/blog/2019/05/18-consulting-rates.html]
[njrusmc.net/blog/2019/05/11-quality-is-free.html]
[njrusmc.net/blog/2019/05/04-comfort-zone.html]
[njrusmc.net/blog/2019/04/27-time-worth.html]
[njrusmc.net/blog/2019/04/20-its-too-complex.html]
[njrusmc.net/blog/2019/04/13-kanban-surface.html]
[njrusmc.net/blog/2019/04/06-well-technically.html]
[njrusmc.net/blog/2019/04/05-spof.html]
[njrusmc.net/blog/2019/03/30-win-together.html]
[njrusmc.net/blog/2019/03/23-soul-of-slave.html]
[njrusmc.net/blog/2019/03/16-kanban-scrum.html]
[njrusmc.net/blog/2019/03/09-read-more.html]
[njrusmc.net/blog/2019/03/02-secret-to-success.html]
[njrusmc.net/blog/2019/02/23-net-income-cash.html]
[njrusmc.net/blog/2019/02/16-good-cheap-fast.html]
[njrusmc.net/blog/2019/02/09-mind-business.html]
[njrusmc.net/blog/2019/02/02-busy-lazy.html]
[njrusmc.net/blog/2019/01/27-time-value-money.html]
[njrusmc.net/blog/2019/01/26-lean-clean.html]
[njrusmc.net/blog/2019/hide/net-career.html]
[njrusmc.net/blog/blog.html]
[njrusmc.net/code/code.html]
[njrusmc.net/video/bgp_multihoming.zip]
[njrusmc.net/video/video.html]
[njrusmc.net/cache/zero128k_none.test]
[njrusmc.net/cache/zero128k_public.test]
[njrusmc.net/cache/zero128k_public60.test]
[njrusmc.net/cache/zero128k_public3600.test]
[njrusmc.net/cache/zero128k_private.test]
[njrusmc.net/cache/zero128k_private60.test]
[njrusmc.net/cache/zero128k_private3600.test]
[njrusmc.net/cache/zero128k_nocache.test]
[njrusmc.net/cache/zero128k_nocache60.test]
[njrusmc.net/cache/zero128k_nocache3600.test]
[njrusmc.net/cache/zero128k_nostore.test]
[njrusmc.net/cache/rand128k_none.test]
[njrusmc.net/cache/rand128k_public.test]
[njrusmc.net/cache/rand128k_public60.test]
[njrusmc.net/cache/rand128k_public3600.test]
[njrusmc.net/cache/rand128k_private.test]
[njrusmc.net/cache/rand128k_private60.test]
[njrusmc.net/cache/rand128k_private3600.test]
[njrusmc.net/cache/rand128k_nocache.test]
[njrusmc.net/cache/rand128k_nocache60.test]
[njrusmc.net/cache/rand128k_nocache3600.test]
[njrusmc.net/cache/rand128k_nostore.test]
[njrusmc.net/cache/cache.html]
[njrusmc.net/jobaid/layer2_pcap.zip]
[njrusmc.net/jobaid/nonip_pcap.zip]
[njrusmc.net/jobaid/legacy_pcap.zip]
[njrusmc.net/jobaid/stp_pcap.zip]
[njrusmc.net/jobaid/fhrp_pcap.zip]
[njrusmc.net/jobaid/bfd_pcap.zip]
[njrusmc.net/jobaid/wlan_pcap.zip]
[njrusmc.net/jobaid/ip_tunnel_pcap.zip]
[njrusmc.net/jobaid/ipv6_trans_pcap.zip]
[njrusmc.net/jobaid/ipsec_macsec_pcap.zip]
[njrusmc.net/jobaid/ip_l2vpn_pcap.zip]
[njrusmc.net/jobaid/mpls_pcap.zip]
[njrusmc.net/jobaid/sr_pcap.zip]
[njrusmc.net/jobaid/rip_pcap.zip]
[njrusmc.net/jobaid/eigrp_pcap.zip]
[njrusmc.net/jobaid/ospf_pcap.zip]
[njrusmc.net/jobaid/isis_pcap.zip]
[njrusmc.net/jobaid/bgp_pcap.zip]
[njrusmc.net/jobaid/babel_pcap.zip]
[njrusmc.net/jobaid/pim_pcap.zip]
[njrusmc.net/jobaid/openflow_pcap.zip]
[njrusmc.net/jobaid/diag_pcap.zip]
[njrusmc.net/jobaid/qos_pcap.zip]
[njrusmc.net/jobaid/netflow_pcap.zip]
[njrusmc.net/jobaid/aaa_pcap.zip]
[njrusmc.net/jobaid/nat_pcap.zip]
[njrusmc.net/jobaid/netsrv_pcap.zip]
[njrusmc.net/jobaid/webhttp_pcap.zip]
[njrusmc.net/jobaid/restconf_pcap.zip]
[njrusmc.net/jobaid/grpc_pcap.zip]
[njrusmc.net/jobaid/iot_pcap.zip]
[njrusmc.net/jobaid/eoam_pcap.zip]
[njrusmc.net/jobaid/icmp_pcap.zip]
[njrusmc.net/jobaid/igmp_pcap.zip]
[njrusmc.net/jobaid/extras_pcap.zip]
[njrusmc.net/jobaid/ftp_pcap.zip]
[njrusmc.net/jobaid/email_pcap.zip]
[njrusmc.net/jobaid/database_pcap.zip]
[njrusmc.net/jobaid/storage_pcap.zip]
[njrusmc.net/jobaid/collab_pcap.zip]
[njrusmc.net/jobaid/meraki_pcap.zip]
[njrusmc.net/jobaid/neural_net.jpg]
[njrusmc.net/jobaid/py_abc_col_uml.jpg]
[njrusmc.net/jobaid/py_conc_col_uml.jpg]
[njrusmc.net/jobaid/py_abc_num_uml.jpg]
[njrusmc.net/jobaid/wlan_qos.xlsx]
[njrusmc.net/jobaid/qos_tools.xlsx]
[njrusmc.net/jobaid/ipsec_design.xlsx]
[njrusmc.net/jobaid/vsphere6_migrations.xlsx]
[njrusmc.net/jobaid/econ_model.xlsx]
[njrusmc.net/jobaid/devasc_studyplan.xlsx]
[njrusmc.net/jobaid/devcor_studyplan.xlsx]
[njrusmc.net/jobaid/enauto_studyplan.xlsx]
[njrusmc.net/jobaid/sauto_studyplan.xlsx]
[njrusmc.net/jobaid/enarsi_studyplan.xlsx]
[njrusmc.net/jobaid/spcor_studyplan.xlsx]
[njrusmc.net/jobaid/spauto_studyplan.xlsx]
[njrusmc.net/jobaid/xe_restconf_postman.zip]
[njrusmc.net/jobaid/meraki_postman.zip]
[njrusmc.net/jobaid/dnac_postman.zip]
[njrusmc.net/jobaid/sdwan_postman.zip]
[njrusmc.net/jobaid/nso_postman.zip]
[njrusmc.net/jobaid/arista_eos_postman.zip]
[njrusmc.net/jobaid/nx_nxapi_restconf_postman.zip]
[njrusmc.net/jobaid/aci_postman.zip]
[njrusmc.net/jobaid/ndo_postman.zip]
[njrusmc.net/jobaid/ndfc_postman.zip]
[njrusmc.net/jobaid/ucsm_postman.zip]
[njrusmc.net/jobaid/ucs_imc_postman.zip]
[njrusmc.net/jobaid/ftd_postman.zip]
[njrusmc.net/jobaid/fmc_postman.zip]
[njrusmc.net/jobaid/amp_postman.zip]
[njrusmc.net/jobaid/tg_postman.zip]
[njrusmc.net/jobaid/xdr_postman.zip]
[njrusmc.net/jobaid/umbrella_postman.zip]
[njrusmc.net/jobaid/ise_postman.zip]
[njrusmc.net/jobaid/swatch_postman.zip]
[njrusmc.net/jobaid/sma_postman.zip]
[njrusmc.net/jobaid/psirt_postman.zip]
[njrusmc.net/jobaid/splunk_postman.zip]
[njrusmc.net/jobaid/panos_postman.zip]
[njrusmc.net/jobaid/tsc_postman.zip]
[njrusmc.net/jobaid/webex_postman.zip]
[njrusmc.net/jobaid/cucm_postman.zip]
[njrusmc.net/jobaid/appd_postman.zip]
[njrusmc.net/jobaid/smartlic_postman.zip]
[njrusmc.net/jobaid/cml_postman.zip]
[njrusmc.net/jobaid/gns3_postman.zip]
[njrusmc.net/jobaid/awx_postman.zip]
[njrusmc.net/jobaid/st_nexus_postman.zip]
[njrusmc.net/jobaid/prometheus_postman.zip]
[njrusmc.net/jobaid/netbox_postman.zip]
[njrusmc.net/jobaid/snow_postman.zip]
[njrusmc.net/jobaid/grafana_postman.zip]
[njrusmc.net/jobaid/kibana_postman.zip]
[njrusmc.net/jobaid/openai_postman.zip]
[njrusmc.net/jobaid/peeringdb_postman.zip]
[njrusmc.net/jobaid/disqus_postman.zip]
[njrusmc.net/jobaid/lmnop_scenario.pdf]
[njrusmc.net/jobaid/lmnop_answers.pdf]
[njrusmc.net/jobaid/dermacorp_analyze.pdf]
[njrusmc.net/jobaid/mela_mini.pdf]
[njrusmc.net/jobaid/jobaid.html]
[njrusmc.net/podcast/podcast.html]
[njrusmc.net/jobaid/ndfc_analyze.pdf]
[njrusmc.net/pub/bts_leaf_spine.pdf]
[njrusmc.net/pub/ospf_dmvpn_anycast.pdf]
[njrusmc.net/pub/etech.pdf]
[njrusmc.net/pub/6rd_getvpn.pdf]
[njrusmc.net/pub/csc_optc.pdf]
[njrusmc.net/pub/csfc_macp.pdf]
[njrusmc.net/pub/pub.html]
[njrusmc.net/pub/ssm_mvpn.pdf]
[njrusmc.net/course/tshoot.html]
[njrusmc.net/course/course.html]
[njrusmc.net/links/links.html]
[njrusmc.net/Makefile]
[njrusmc.net/ci_scripts/makelog.txt]
[njrusmc.net/buildspec.yml]
[njrusmc.net/ci_scripts/install_tidy.sh]
[njrusmc.net/ci_scripts/requirements.txt]
[njrusmc.net/ci_scripts/html_lint.sh]
[njrusmc.net/ci_scripts/hashes.txt]
[njrusmc.net/ci_scripts/make_atom.py]
[njrusmc.net/ci_scripts/atom_xml.j2]
[njrusmc.net/ci_scripts/copy_redirects.sh]
[njrusmc.net/ci_scripts/check_links.py]
[njrusmc.net/ci_scripts/check_cache_headers.py]
[njrusmc.net/ci_scripts/check_redirects.py]
[njrusmc.net/ci_scripts/webcicd.html]
[njrusmc.net/index-2.html]
[njrusmc.net/blog/2024/discord.html]
[njrusmc.net/blog/2023/cert_updates.html]
[njrusmc.net/blog/2023/yt_copyright.html]
[njrusmc.net/blog/2021/l3a.png]
[njrusmc.net/blog/2021/sag.png]
[njrusmc.net/blog/2021/l4a.png]
[njrusmc.net/blog/2021/l5a.png]
[njrusmc.net/blog/2021/nutrition.png]
[njrusmc.net/blog/2021/microd.html]
[njrusmc.net/blog/2019/12/01-hypothesis.html]
[njrusmc.net/blog/2019/11/30-young-money.html]
[njrusmc.net/blog/2019/11/23-underestimation.html]
[njrusmc.net/blog/2019/11/16-competition.html]
[njrusmc.net/blog/2019/11/09-power-supply.html]
[njrusmc.net/blog/2019/11/02-watch-officer.html]
[njrusmc.net/blog/2019/10/26-sales-psych.html]
[njrusmc.net/blog/2019/10/23-adv-tactics.html]
[njrusmc.net/blog/2019/10/19-innovation.html]
[njrusmc.net/blog/2019/10/12-modern-retail.html]
[njrusmc.net/blog/2019/10/05-product-cost.html]
[njrusmc.net/blog/2019/09/28-knowledge.html]
[njrusmc.net/blog/2019/09/21-troll-contrarian.html]
[njrusmc.net/blog/2019/09/14-why.html]
[njrusmc.net/blog/2019/09/07-meeting-capital.html]
[njrusmc.net/blog/2019/08/31-rejection.html]
[njrusmc.net/blog/2019/08/23-no-questions.html]
[njrusmc.net/blog/2019/08/17-one-year.html]
[njrusmc.net/blog/2019/08/10-ansoff-matrix.html]
[njrusmc.net/blog/2019/08/03-hidden-costs.html]
[njrusmc.net/blog/2019/07/27-forecasts.html]
[njrusmc.net/blog/2019/07/20-american-colleges.html]
[njrusmc.net/blog/2019/07/13-good-debt.html]
[njrusmc.net/blog/2019/07/06-idea-commodity.html]
[njrusmc.net/blog/2019/06/29-loser-dna.html]
[njrusmc.net/blog/2019/06/22-conferences.html]
[njrusmc.net/blog/2019/06/15-monopolies-are-bad.html]
[njrusmc.net/blog/2019/06/08-how-not-write-book.html]
[njrusmc.net/blog/2019/06/01-procrastination.html]
[njrusmc.net/blog/2019/05/29-sales-ethics.html]
[njrusmc.net/blog/2019/05/25-perception.html]
[njrusmc.net/blog/2019/05/18-consulting-rates.html]
[njrusmc.net/blog/2019/05/11-quality-is-free.html]
[njrusmc.net/blog/2019/05/04-comfort-zone.html]
[njrusmc.net/blog/2019/04/27-time-worth.html]
[njrusmc.net/blog/2019/04/20-its-too-complex.html]
[njrusmc.net/blog/2019/04/13-kanban-surface.html]
[njrusmc.net/blog/2019/04/06-well-technically.html]
[njrusmc.net/blog/2019/04/05-spof.html]
[njrusmc.net/blog/2019/03/30-win-together.html]
[njrusmc.net/blog/2019/03/23-soul-of-slave.html]
[njrusmc.net/blog/2019/03/16-kanban-scrum.html]
[njrusmc.net/blog/2019/03/09-read-more.html]
[njrusmc.net/blog/2019/03/02-secret-to-success.html]
[njrusmc.net/blog/2019/02/23-net-income-cash.html]
[njrusmc.net/blog/2019/02/16-good-cheap-fast.html]
[njrusmc.net/blog/2019/02/09-mind-business.html]
[njrusmc.net/blog/2019/02/02-busy-lazy.html]
[njrusmc.net/blog/2019/01/27-time-value-money.html]
[njrusmc.net/blog/2019/01/26-lean-clean.html]
[njrusmc.net/blog/2019/hide/net-career.html]
[polls.njrusmc.net/index.html]
[njrusmc.net/course/tshoot.html]
[njrusmc.net/blog/style.css]
[njrusmc.net/blog.html]
